// Jest Snapshot v1, https://goo.gl/fbAQLP

exports[`test on <GiftItem /> should match with the snapshot 1`] = `
<div>
  <div
    class="card"
  >
    <img
      alt="test"
      src="https://cdn-icons-png.flaticon.com/512/4838/4838856.png"
    />
    <p>
      test
    </p>
  </div>
</div>
`;
